// Vitest Snapshot v1, https://vitest.dev/guide/snapshot.html

exports[`pluginOptionsSchema > should match snapshot of pluginOptionsSchema 1`] = `[Function]`;
